-----------------------------------------------------------
Server listening on 5201
-----------------------------------------------------------
Accepted connection from 10.255.255.1, port 44856
[  5] local 10.255.255.2 port 5201 connected to 10.255.255.1 port 44872
[ ID] Interval           Transfer     Bitrate
[  5]   0.00-1.02   sec  8.88 MBytes  72.8 Mbits/sec                  
[  5]   1.02-2.01   sec  8.62 MBytes  73.0 Mbits/sec                  
[  5]   2.01-3.03   sec  8.75 MBytes  72.6 Mbits/sec                  
[  5]   3.03-4.02   sec  8.62 MBytes  72.9 Mbits/sec                  
[  5]   4.02-5.02   sec  8.50 MBytes  71.3 Mbits/sec                  
[  5]   5.02-5.34   sec  1.38 MBytes  35.6 Mbits/sec                  
- - - - - - - - - - - - - - - - - - - - - - - - -
[ ID] Interval           Transfer     Bitrate
[  5]   0.00-5.34   sec  44.8 MBytes  70.3 Mbits/sec                  receiver
-----------------------------------------------------------
Server listening on 5201
-----------------------------------------------------------
Accepted connection from 10.255.255.1, port 60742
[  5] local 10.255.255.2 port 5201 connected to 10.255.255.1 port 60752
[ ID] Interval           Transfer     Bitrate         Retr  Cwnd
[  5]   0.00-1.00   sec  9.98 MBytes  83.7 Mbits/sec    0    585 KBytes       
[  5]   1.00-2.00   sec  10.7 MBytes  90.2 Mbits/sec    0   1.01 MBytes       
[  5]   2.00-3.00   sec  8.75 MBytes  73.4 Mbits/sec    0   1.44 MBytes       
[  5]   3.00-4.00   sec  8.75 MBytes  73.4 Mbits/sec    0   1.88 MBytes       
[  5]   4.00-5.00   sec  8.75 MBytes  73.4 Mbits/sec    1   2.29 MBytes       
[  5]   5.00-5.25   sec  0.00 Bytes  0.00 bits/sec   13   1.61 MBytes       
- - - - - - - - - - - - - - - - - - - - - - - - -
[ ID] Interval           Transfer     Bitrate         Retr
[  5]   0.00-5.25   sec  47.0 MBytes  75.1 Mbits/sec   14             sender
-----------------------------------------------------------
Server listening on 5201
-----------------------------------------------------------
Accepted connection from 10.255.255.1, port 60756
[  5] local 10.255.255.2 port 5201 connected to 10.255.255.1 port 36787
[ ID] Interval           Transfer     Bitrate         Jitter    Lost/Total Datagrams
[  5]   0.00-1.00   sec   611 KBytes  5.00 Mbits/sec  0.069 ms  0/425 (0%)  
[  5]   1.00-2.00   sec   610 KBytes  4.99 Mbits/sec  0.021 ms  0/424 (0%)  
[  5]   2.00-3.00   sec   611 KBytes  5.00 Mbits/sec  0.042 ms  0/425 (0%)  
- - - - - - - - - - - - - - - - - - - - - - - - -
[ ID] Interval           Transfer     Bitrate         Jitter    Lost/Total Datagrams
[  5]   0.00-3.00   sec  1.79 MBytes  5.00 Mbits/sec  0.042 ms  0/1274 (0%)  receiver
iperf3: interrupt - the server has terminated
-----------------------------------------------------------
Server listening on 5201
-----------------------------------------------------------
