-----------------------------------------------------------
Server listening on 5201
-----------------------------------------------------------
Accepted connection from 10.255.255.1, port 36016
[  5] local 10.255.255.2 port 5201 connected to 10.255.255.1 port 36018
[ ID] Interval           Transfer     Bitrate
[  5]   0.00-1.02   sec  16.0 MBytes   132 Mbits/sec                  
[  5]   1.02-2.01   sec  20.5 MBytes   173 Mbits/sec                  
[  5]   2.01-3.01   sec  21.6 MBytes   181 Mbits/sec                  
[  5]   3.01-4.03   sec  19.9 MBytes   164 Mbits/sec                  
[  5]   4.03-5.01   sec  21.5 MBytes   185 Mbits/sec                  
- - - - - - - - - - - - - - - - - - - - - - - - -
[ ID] Interval           Transfer     Bitrate
[  5]   0.00-5.01   sec  99.5 MBytes   167 Mbits/sec                  receiver
-----------------------------------------------------------
Server listening on 5201
-----------------------------------------------------------
Accepted connection from 10.255.255.1, port 36028
[  5] local 10.255.255.2 port 5201 connected to 10.255.255.1 port 36032
[ ID] Interval           Transfer     Bitrate         Retr  Cwnd
[  5]   0.00-1.00   sec  21.8 MBytes   183 Mbits/sec   34    133 KBytes       
[  5]   1.00-2.00   sec  17.6 MBytes   147 Mbits/sec   27    139 KBytes       
[  5]   2.00-3.00   sec  13.9 MBytes   117 Mbits/sec   18    163 KBytes       
[  5]   3.00-4.00   sec  16.7 MBytes   140 Mbits/sec    4    151 KBytes       
[  5]   4.00-5.00   sec  22.2 MBytes   186 Mbits/sec   18    157 KBytes       
[  5]   5.00-5.01   sec   509 KBytes   490 Mbits/sec    0    157 KBytes       
- - - - - - - - - - - - - - - - - - - - - - - - -
[ ID] Interval           Transfer     Bitrate         Retr
[  5]   0.00-5.01   sec  92.7 MBytes   155 Mbits/sec  101             sender
-----------------------------------------------------------
Server listening on 5201
-----------------------------------------------------------
Accepted connection from 10.255.255.1, port 43840
[  5] local 10.255.255.2 port 5201 connected to 10.255.255.1 port 46575
[ ID] Interval           Transfer     Bitrate         Jitter    Lost/Total Datagrams
[  5]   0.00-1.00   sec   610 KBytes  4.99 Mbits/sec  0.657 ms  0/424 (0%)  
[  5]   1.00-2.00   sec   611 KBytes  5.01 Mbits/sec  0.774 ms  0/425 (0%)  
[  5]   2.00-3.00   sec   611 KBytes  5.00 Mbits/sec  0.504 ms  0/425 (0%)  
- - - - - - - - - - - - - - - - - - - - - - - - -
[ ID] Interval           Transfer     Bitrate         Jitter    Lost/Total Datagrams
[  5]   0.00-3.00   sec  1.79 MBytes  5.00 Mbits/sec  0.504 ms  0/1274 (0%)  receiver
-----------------------------------------------------------
Server listening on 5201
-----------------------------------------------------------
Accepted connection from 10.255.255.1, port 58726
[  5] local 10.255.255.2 port 5201 connected to 10.255.255.1 port 58734
[ ID] Interval           Transfer     Bitrate
[  5]   0.00-1.04   sec  6.38 MBytes  51.3 Mbits/sec                  
[  5]   1.04-2.03   sec  10.6 MBytes  90.5 Mbits/sec                  
[  5]   2.03-3.02   sec  8.25 MBytes  69.6 Mbits/sec                  
[  5]   3.02-4.02   sec  7.62 MBytes  64.2 Mbits/sec                  
[  5]   4.02-5.03   sec  8.25 MBytes  68.5 Mbits/sec                  
[  5]   5.03-6.02   sec  7.75 MBytes  65.7 Mbits/sec                  
[  5]   6.02-7.02   sec  8.38 MBytes  70.3 Mbits/sec                  
[  5]   7.02-8.02   sec  8.38 MBytes  70.3 Mbits/sec                  
[  5]   8.02-9.03   sec  8.75 MBytes  72.3 Mbits/sec                  
[  5]   9.03-10.03  sec  9.00 MBytes  75.7 Mbits/sec                  
[  5]  10.03-10.06  sec   256 KBytes  79.3 Mbits/sec                  
- - - - - - - - - - - - - - - - - - - - - - - - -
[ ID] Interval           Transfer     Bitrate
[  5]   0.00-10.06  sec  83.6 MBytes  69.8 Mbits/sec                  receiver
-----------------------------------------------------------
Server listening on 5201
-----------------------------------------------------------
Accepted connection from 10.255.255.1, port 37508
[  5] local 10.255.255.2 port 5201 connected to 10.255.255.1 port 37524
[ ID] Interval           Transfer     Bitrate
[  5]   0.00-1.29   sec   512 KBytes  3.26 Mbits/sec                  
[  5]   1.29-2.25   sec   640 KBytes  5.44 Mbits/sec                  
[  5]   2.25-3.22   sec   768 KBytes  6.51 Mbits/sec                  
[  5]   3.22-4.25   sec   768 KBytes  6.07 Mbits/sec                  
[  5]   4.25-5.31   sec   640 KBytes  4.95 Mbits/sec                  
[  5]   5.31-6.43   sec   640 KBytes  4.68 Mbits/sec                  
[  5]   6.43-7.39   sec   512 KBytes  4.37 Mbits/sec                  
[  5]   7.39-8.27   sec   640 KBytes  5.95 Mbits/sec                  
[  5]   8.27-9.22   sec   896 KBytes  7.76 Mbits/sec                  
[  5]   9.22-10.07  sec  1.00 MBytes  9.84 Mbits/sec                  
- - - - - - - - - - - - - - - - - - - - - - - - -
[ ID] Interval           Transfer     Bitrate
[  5]   0.00-10.07  sec  6.88 MBytes  5.73 Mbits/sec                  receiver
-----------------------------------------------------------
Server listening on 5201
-----------------------------------------------------------
Accepted connection from 10.255.255.1, port 43868
[  5] local 10.255.255.2 port 5201 connected to 10.255.255.1 port 43876
[ ID] Interval           Transfer     Bitrate
[  5]   0.00-1.65   sec   640 KBytes  3.18 Mbits/sec                  
[  5]   1.65-2.71   sec   256 KBytes  1.97 Mbits/sec                  
[  5]   2.71-4.34   sec   256 KBytes  1.29 Mbits/sec                  
[  5]   4.34-5.56   sec   384 KBytes  2.58 Mbits/sec                  
[  5]   5.56-7.80   sec   384 KBytes  1.40 Mbits/sec                  
[  5]   7.80-10.32  sec   256 KBytes   832 Kbits/sec                  
- - - - - - - - - - - - - - - - - - - - - - - - -
[ ID] Interval           Transfer     Bitrate
[  5]   0.00-10.32  sec  2.12 MBytes  1.73 Mbits/sec                  receiver
-----------------------------------------------------------
Server listening on 5201
-----------------------------------------------------------
Accepted connection from 10.255.255.1, port 41472
[  5] local 10.255.255.2 port 5201 connected to 10.255.255.1 port 41474
[ ID] Interval           Transfer     Bitrate
[  5]   0.00-1.83   sec   384 KBytes  1.72 Mbits/sec                  
[  5]   1.83-4.98   sec   256 KBytes   666 Kbits/sec                  
[  5]   4.98-8.04   sec   256 KBytes   686 Kbits/sec                  
[  5]   8.04-11.70  sec   256 KBytes   572 Kbits/sec                  
- - - - - - - - - - - - - - - - - - - - - - - - -
[ ID] Interval           Transfer     Bitrate
[  5]   0.00-11.70  sec  1.12 MBytes   806 Kbits/sec                  receiver
-----------------------------------------------------------
Server listening on 5201
-----------------------------------------------------------
Accepted connection from 10.255.255.1, port 42444
[  5] local 10.255.255.2 port 5201 connected to 10.255.255.1 port 42446
[ ID] Interval           Transfer     Bitrate
[  5]   0.00-1.02   sec  1.75 MBytes  14.4 Mbits/sec                  
[  5]   1.02-2.04   sec  6.25 MBytes  51.5 Mbits/sec                  
[  5]   2.04-3.03   sec  6.25 MBytes  53.0 Mbits/sec                  
[  5]   3.03-4.02   sec  6.75 MBytes  57.1 Mbits/sec                  
[  5]   4.02-5.03   sec  7.00 MBytes  58.0 Mbits/sec                  
[  5]   5.03-6.02   sec  7.25 MBytes  61.6 Mbits/sec                  
[  5]   6.02-7.02   sec  7.38 MBytes  61.8 Mbits/sec                  
[  5]   7.02-8.02   sec  7.38 MBytes  62.1 Mbits/sec                  
[  5]   8.02-9.03   sec  7.50 MBytes  62.1 Mbits/sec                  
[  5]   9.03-10.03  sec  6.00 MBytes  50.4 Mbits/sec                  
[  5]  10.03-10.13  sec   512 KBytes  44.4 Mbits/sec                  
- - - - - - - - - - - - - - - - - - - - - - - - -
[ ID] Interval           Transfer     Bitrate
[  5]   0.00-10.13  sec  64.0 MBytes  53.0 Mbits/sec                  receiver
-----------------------------------------------------------
Server listening on 5201
-----------------------------------------------------------
Accepted connection from 10.255.255.1, port 47462
[  5] local 10.255.255.2 port 5201 connected to 10.255.255.1 port 47464
[ ID] Interval           Transfer     Bitrate
[  5]   0.00-1.12   sec   896 KBytes  6.53 Mbits/sec                  
[  5]   1.12-2.13   sec  1.00 MBytes  8.35 Mbits/sec                  
[  5]   2.13-3.24   sec   896 KBytes  6.61 Mbits/sec                  
[  5]   3.24-4.34   sec   768 KBytes  5.71 Mbits/sec                  
[  5]   4.34-5.32   sec   512 KBytes  4.27 Mbits/sec                  
[  5]   5.32-6.54   sec   640 KBytes  4.32 Mbits/sec                  
[  5]   6.54-7.32   sec   384 KBytes  4.00 Mbits/sec                  
[  5]   7.32-8.45   sec   512 KBytes  3.72 Mbits/sec                  
[  5]   8.45-9.55   sec   512 KBytes  3.80 Mbits/sec                  
[  5]   9.55-10.11  sec   256 KBytes  3.76 Mbits/sec                  
- - - - - - - - - - - - - - - - - - - - - - - - -
[ ID] Interval           Transfer     Bitrate
[  5]   0.00-10.11  sec  6.25 MBytes  5.19 Mbits/sec                  receiver
-----------------------------------------------------------
Server listening on 5201
-----------------------------------------------------------
Accepted connection from 10.255.255.1, port 43518
[  5] local 10.255.255.2 port 5201 connected to 10.255.255.1 port 43524
[ ID] Interval           Transfer     Bitrate
[  5]   0.00-1.42   sec   640 KBytes  3.70 Mbits/sec                  
[  5]   1.42-3.74   sec   384 KBytes  1.35 Mbits/sec                  
[  5]   3.74-7.14   sec   256 KBytes   616 Kbits/sec                  
[  5]   7.14-9.59   sec   256 KBytes   857 Kbits/sec                  
[  5]   9.59-10.94  sec   128 KBytes   777 Kbits/sec                  
- - - - - - - - - - - - - - - - - - - - - - - - -
[ ID] Interval           Transfer     Bitrate
[  5]   0.00-10.94  sec  1.62 MBytes  1.25 Mbits/sec                  receiver
-----------------------------------------------------------
Server listening on 5201
-----------------------------------------------------------
Accepted connection from 10.255.255.1, port 47654
[  5] local 10.255.255.2 port 5201 connected to 10.255.255.1 port 47662
[ ID] Interval           Transfer     Bitrate
[  5]   0.00-5.37   sec   256 KBytes   390 Kbits/sec                  
[  5]   5.37-17.80  sec   254 KBytes   168 Kbits/sec                  
- - - - - - - - - - - - - - - - - - - - - - - - -
[ ID] Interval           Transfer     Bitrate
[  5]   0.00-17.80  sec   510 KBytes   235 Kbits/sec                  receiver
-----------------------------------------------------------
Server listening on 5201
-----------------------------------------------------------
Accepted connection from 10.255.255.1, port 40194
[  5] local 10.255.255.2 port 5201 connected to 10.255.255.1 port 40208
[ ID] Interval           Transfer     Bitrate
[  5]   0.00-1.21   sec   256 KBytes  1.74 Mbits/sec                  
[  5]   1.21-2.03   sec  1.50 MBytes  15.2 Mbits/sec                  
[  5]   2.03-3.03   sec  3.88 MBytes  32.5 Mbits/sec                  
[  5]   3.03-4.03   sec  3.00 MBytes  25.1 Mbits/sec                  
[  5]   4.03-5.05   sec  2.75 MBytes  22.7 Mbits/sec                  
[  5]   5.05-6.05   sec  2.75 MBytes  23.0 Mbits/sec                  
[  5]   6.05-7.06   sec  3.00 MBytes  25.0 Mbits/sec                  
[  5]   7.06-8.06   sec  3.00 MBytes  25.1 Mbits/sec                  
[  5]   8.06-9.07   sec  3.00 MBytes  25.1 Mbits/sec                  
[  5]   9.07-10.08  sec  3.12 MBytes  25.8 Mbits/sec                  
[  5]  10.08-10.23  sec   384 KBytes  21.7 Mbits/sec                  
- - - - - - - - - - - - - - - - - - - - - - - - -
[ ID] Interval           Transfer     Bitrate
[  5]   0.00-10.23  sec  26.6 MBytes  21.8 Mbits/sec                  receiver
-----------------------------------------------------------
Server listening on 5201
-----------------------------------------------------------
Accepted connection from 10.255.255.1, port 34686
[  5] local 10.255.255.2 port 5201 connected to 10.255.255.1 port 34694
[ ID] Interval           Transfer     Bitrate
[  5]   0.00-1.21   sec   256 KBytes  1.74 Mbits/sec                  
[  5]   1.21-2.21   sec  1.50 MBytes  12.6 Mbits/sec                  
[  5]   2.21-3.04   sec  3.38 MBytes  34.1 Mbits/sec                  
[  5]   3.04-4.06   sec  1.88 MBytes  15.4 Mbits/sec                  
[  5]   4.06-5.08   sec  1.12 MBytes  9.25 Mbits/sec                  
[  5]   5.08-6.08   sec   896 KBytes  7.36 Mbits/sec                  
[  5]   6.08-7.27   sec  1.00 MBytes  7.07 Mbits/sec                  
[  5]   7.27-8.27   sec   640 KBytes  5.22 Mbits/sec                  
[  5]   8.27-9.46   sec   640 KBytes  4.42 Mbits/sec                  
[  5]   9.46-10.24  sec   384 KBytes  4.00 Mbits/sec                  
- - - - - - - - - - - - - - - - - - - - - - - - -
[ ID] Interval           Transfer     Bitrate
[  5]   0.00-10.24  sec  11.6 MBytes  9.52 Mbits/sec                  receiver
-----------------------------------------------------------
Server listening on 5201
-----------------------------------------------------------
Accepted connection from 10.255.255.1, port 41086
[  5] local 10.255.255.2 port 5201 connected to 10.255.255.1 port 41102
[ ID] Interval           Transfer     Bitrate
[  5]   0.00-1.61   sec   256 KBytes  1.30 Mbits/sec                  
[  5]   1.61-2.82   sec   256 KBytes  1.74 Mbits/sec                  
[  5]   2.82-5.07   sec   256 KBytes   931 Kbits/sec                  
[  5]   5.07-9.38   sec   256 KBytes   486 Kbits/sec                  
[  5]   9.38-10.89  sec   128 KBytes   693 Kbits/sec                  
- - - - - - - - - - - - - - - - - - - - - - - - -
[ ID] Interval           Transfer     Bitrate
[  5]   0.00-10.89  sec  1.12 MBytes   866 Kbits/sec                  receiver
iperf3: interrupt - the server has terminated
-----------------------------------------------------------
Server listening on 5201
-----------------------------------------------------------
Accepted connection from 10.255.255.1, port 39422
[  5] local 10.255.255.2 port 5201 connected to 10.255.255.1 port 33702
[ ID] Interval           Transfer     Bitrate
[  5]   0.00-8.98   sec   256 KBytes   234 Kbits/sec                  
[  5]   8.98-18.99  sec   107 KBytes  87.9 Kbits/sec                  
- - - - - - - - - - - - - - - - - - - - - - - - -
[ ID] Interval           Transfer     Bitrate
[  5]   0.00-18.99  sec   363 KBytes   157 Kbits/sec                  receiver
