-----------------------------------------------------------
Server listening on 5203
-----------------------------------------------------------
Accepted connection from 10.255.255.1, port 45140
[  5] local 10.255.255.2 port 5203 connected to 10.255.255.1 port 57251
[ ID] Interval           Transfer     Bitrate         Jitter    Lost/Total Datagrams
[  5]   0.00-1.00   sec   597 KBytes  4.89 Mbits/sec  3.485 ms  1/416 (0.24%)  
[  5]   1.00-2.00   sec   617 KBytes  5.05 Mbits/sec  2.350 ms  0/429 (0%)  
[  5]   2.00-3.00   sec   605 KBytes  4.96 Mbits/sec  2.582 ms  0/421 (0%)  
[  5]   3.00-4.00   sec   601 KBytes  4.92 Mbits/sec  2.653 ms  0/418 (0%)  
[  5]   4.00-5.00   sec   618 KBytes  5.06 Mbits/sec  2.682 ms  0/430 (0%)  
[  5]   5.00-6.00   sec   614 KBytes  5.03 Mbits/sec  2.266 ms  0/427 (0%)  
[  5]   6.00-7.00   sec   620 KBytes  5.08 Mbits/sec  2.251 ms  0/431 (0%)  
[  5]   7.00-8.00   sec   601 KBytes  4.92 Mbits/sec  2.445 ms  0/418 (0%)  
[  5]   8.00-9.00   sec   602 KBytes  4.93 Mbits/sec  3.611 ms  0/419 (0%)  
[  5]   9.00-10.00  sec   622 KBytes  5.10 Mbits/sec  2.221 ms  1/434 (0.23%)  
[  5]  10.00-11.00  sec   604 KBytes  4.95 Mbits/sec  2.598 ms  0/420 (0%)  
[  5]  11.00-12.00  sec   602 KBytes  4.93 Mbits/sec  3.587 ms  1/420 (0.24%)  
[  5]  12.00-13.00  sec   622 KBytes  5.10 Mbits/sec  1.756 ms  1/434 (0.23%)  
[  5]  13.00-14.00  sec   610 KBytes  4.99 Mbits/sec  2.828 ms  0/424 (0%)  
[  5]  14.00-15.00  sec   595 KBytes  4.88 Mbits/sec  1.734 ms  0/414 (0%)  
[  5]  15.00-16.00  sec   630 KBytes  5.16 Mbits/sec  2.101 ms  1/439 (0.23%)  
[  5]  16.00-17.00  sec   595 KBytes  4.87 Mbits/sec  3.272 ms  0/414 (0%)  
[  5]  17.00-18.00  sec   624 KBytes  5.11 Mbits/sec  2.089 ms  0/434 (0%)  
[  5]  18.00-19.00  sec   595 KBytes  4.88 Mbits/sec  2.405 ms  0/414 (0%)  
[  5]  19.00-20.00  sec   597 KBytes  4.89 Mbits/sec  3.529 ms  15/430 (3.5%)  
[  5]  20.00-21.00  sec   614 KBytes  5.03 Mbits/sec  2.960 ms  0/427 (0%)  
[  5]  21.00-22.00  sec   592 KBytes  4.85 Mbits/sec  1.984 ms  0/412 (0%)  
[  5]  22.00-23.00  sec   620 KBytes  5.07 Mbits/sec  2.576 ms  1/432 (0.23%)  
[  5]  23.00-24.00  sec   610 KBytes  4.99 Mbits/sec  2.713 ms  0/424 (0%)  
[  5]  24.00-25.00  sec   607 KBytes  4.97 Mbits/sec  2.402 ms  0/422 (0%)  
[  5]  25.00-26.00  sec   620 KBytes  5.08 Mbits/sec  2.542 ms  0/431 (0%)  
[  5]  26.00-27.00  sec   604 KBytes  4.95 Mbits/sec  2.827 ms  1/421 (0.24%)  
[  5]  27.00-28.00  sec   614 KBytes  5.03 Mbits/sec  2.149 ms  0/427 (0%)  
[  5]  28.00-29.00  sec   615 KBytes  5.04 Mbits/sec  2.859 ms  2/430 (0.47%)  
[  5]  29.00-30.00  sec   610 KBytes  4.99 Mbits/sec  1.984 ms  2/426 (0.47%)  
[  5]  30.00-31.00  sec   595 KBytes  4.87 Mbits/sec  1.850 ms  10/424 (2.4%)  
[  5]  31.00-32.00  sec   611 KBytes  5.01 Mbits/sec  2.209 ms  0/425 (0%)  
[  5]  32.00-33.00  sec   598 KBytes  4.90 Mbits/sec  2.608 ms  0/416 (0%)  
[  5]  33.00-34.00  sec   612 KBytes  5.02 Mbits/sec  1.570 ms  1/427 (0.23%)  
[  5]  34.00-35.00  sec   605 KBytes  4.96 Mbits/sec  1.766 ms  1/422 (0.24%)  
[  5]  35.00-36.00  sec   611 KBytes  5.00 Mbits/sec  1.983 ms  1/426 (0.23%)  
[  5]  36.00-37.00  sec   612 KBytes  5.02 Mbits/sec  1.388 ms  0/426 (0%)  
[  5]  37.00-38.00  sec   602 KBytes  4.93 Mbits/sec  2.671 ms  1/420 (0.24%)  
[  5]  38.00-39.00  sec   614 KBytes  5.03 Mbits/sec  2.662 ms  0/427 (0%)  
[  5]  39.00-40.00  sec   611 KBytes  5.01 Mbits/sec  2.892 ms  0/425 (0%)  
[  5]  40.00-41.00  sec   614 KBytes  5.03 Mbits/sec  2.563 ms  0/427 (0%)  
[  5]  41.00-42.00  sec   615 KBytes  5.04 Mbits/sec  2.385 ms  1/429 (0.23%)  
[  5]  42.00-43.00  sec   594 KBytes  4.86 Mbits/sec  2.943 ms  0/413 (0%)  
[  5]  43.00-44.00  sec   620 KBytes  5.07 Mbits/sec  2.368 ms  0/431 (0%)  
[  5]  44.00-45.00  sec   608 KBytes  4.98 Mbits/sec  3.389 ms  0/423 (0%)  
[  5]  45.00-46.00  sec   617 KBytes  5.05 Mbits/sec  2.435 ms  0/429 (0%)  
[  5]  46.00-47.00  sec   595 KBytes  4.88 Mbits/sec  2.784 ms  0/414 (0%)  
[  5]  47.00-48.00  sec   618 KBytes  5.06 Mbits/sec  2.858 ms  0/430 (0%)  
[  5]  48.00-49.00  sec   610 KBytes  4.99 Mbits/sec  2.882 ms  1/425 (0.24%)  
[  5]  49.00-50.00  sec   610 KBytes  4.99 Mbits/sec  2.524 ms  0/424 (0%)  
[  5]  50.00-51.00  sec   599 KBytes  4.91 Mbits/sec  3.518 ms  1/418 (0.24%)  
[  5]  51.00-52.00  sec   624 KBytes  5.11 Mbits/sec  2.093 ms  0/434 (0%)  
[  5]  52.00-53.00  sec   608 KBytes  4.98 Mbits/sec  2.225 ms  0/423 (0%)  
[  5]  53.00-54.00  sec   607 KBytes  4.97 Mbits/sec  1.821 ms  0/422 (0%)  
[  5]  54.00-55.00  sec   621 KBytes  5.09 Mbits/sec  2.265 ms  2/434 (0.46%)  
[  5]  55.00-56.00  sec   599 KBytes  4.91 Mbits/sec  2.356 ms  1/418 (0.24%)  
[  5]  56.00-57.00  sec   620 KBytes  5.08 Mbits/sec  1.707 ms  1/432 (0.23%)  
[  5]  57.00-58.00  sec   595 KBytes  4.88 Mbits/sec  2.424 ms  0/414 (0%)  
[  5]  58.00-59.00  sec   620 KBytes  5.08 Mbits/sec  2.520 ms  0/431 (0%)  
[  5]  59.00-60.00  sec   607 KBytes  4.97 Mbits/sec  2.117 ms  1/423 (0.24%)  
[  5]  60.00-61.00  sec   608 KBytes  4.99 Mbits/sec  2.024 ms  0/423 (0%)  
[  5]  61.00-62.00  sec   612 KBytes  5.02 Mbits/sec  2.518 ms  1/427 (0.23%)  
[  5]  62.00-63.00  sec   615 KBytes  5.04 Mbits/sec  2.590 ms  0/428 (0%)  
[  5]  63.00-64.00  sec   604 KBytes  4.94 Mbits/sec  2.448 ms  0/420 (0%)  
[  5]  64.00-65.00  sec   602 KBytes  4.94 Mbits/sec  3.114 ms  0/419 (0%)  
[  5]  65.00-66.00  sec   614 KBytes  5.03 Mbits/sec  2.529 ms  2/429 (0.47%)  
[  5]  66.00-67.00  sec   610 KBytes  4.99 Mbits/sec  0.992 ms  0/424 (0%)  
[  5]  67.00-68.00  sec   620 KBytes  5.07 Mbits/sec  2.158 ms  0/431 (0%)  
[  5]  68.00-69.00  sec   612 KBytes  5.02 Mbits/sec  2.550 ms  0/426 (0%)  
[  5]  69.00-70.00  sec   599 KBytes  4.91 Mbits/sec  2.475 ms  1/418 (0.24%)  
[  5]  70.00-71.00  sec   607 KBytes  4.97 Mbits/sec  2.101 ms  0/422 (0%)  
[  5]  71.00-72.00  sec   608 KBytes  4.98 Mbits/sec  3.153 ms  0/423 (0%)  
[  5]  72.00-73.00  sec   625 KBytes  5.12 Mbits/sec  2.230 ms  0/435 (0%)  
[  5]  73.00-74.00  sec   610 KBytes  4.99 Mbits/sec  3.105 ms  1/425 (0.24%)  
[  5]  74.00-75.00  sec   589 KBytes  4.83 Mbits/sec  2.212 ms  0/410 (0%)  
[  5]  75.00-76.00  sec   612 KBytes  5.02 Mbits/sec  2.776 ms  0/426 (0%)  
[  5]  76.00-77.00  sec   625 KBytes  5.12 Mbits/sec  1.468 ms  2/437 (0.46%)  
[  5]  77.00-78.00  sec   604 KBytes  4.95 Mbits/sec  2.680 ms  0/420 (0%)  
[  5]  78.00-79.00  sec   610 KBytes  4.99 Mbits/sec  2.518 ms  0/424 (0%)  
[  5]  79.00-80.00  sec   612 KBytes  5.02 Mbits/sec  1.198 ms  4/430 (0.93%)  
[  5]  80.00-81.00  sec   604 KBytes  4.94 Mbits/sec  1.817 ms  0/420 (0%)  
[  5]  81.00-82.00  sec   607 KBytes  4.97 Mbits/sec  2.390 ms  1/423 (0.24%)  
[  5]  82.00-83.00  sec   620 KBytes  5.08 Mbits/sec  1.880 ms  0/431 (0%)  
[  5]  83.00-84.00  sec   611 KBytes  5.00 Mbits/sec  2.362 ms  0/425 (0%)  
[  5]  84.00-85.00  sec   594 KBytes  4.86 Mbits/sec  2.702 ms  0/413 (0%)  
[  5]  85.00-86.00  sec   617 KBytes  5.05 Mbits/sec  2.496 ms  1/430 (0.23%)  
[  5]  86.00-87.00  sec   611 KBytes  5.00 Mbits/sec  2.996 ms  0/425 (0%)  
[  5]  87.00-88.00  sec   612 KBytes  5.02 Mbits/sec  2.762 ms  0/426 (0%)  
[  5]  88.00-89.00  sec   601 KBytes  4.92 Mbits/sec  2.624 ms  0/418 (0%)  
[  5]  89.00-90.00  sec   601 KBytes  4.92 Mbits/sec  3.309 ms  0/418 (0%)  
[  5]  90.00-91.00  sec   630 KBytes  5.16 Mbits/sec  2.625 ms  1/439 (0.23%)  
[  5]  91.00-92.00  sec   599 KBytes  4.91 Mbits/sec  2.746 ms  0/417 (0%)  
[  5]  92.00-93.00  sec   620 KBytes  5.08 Mbits/sec  2.436 ms  0/431 (0%)  
[  5]  93.00-94.00  sec   610 KBytes  4.99 Mbits/sec  1.737 ms  1/425 (0.24%)  
[  5]  94.00-95.00  sec   608 KBytes  4.98 Mbits/sec  2.899 ms  0/423 (0%)  
[  5]  95.00-96.00  sec   610 KBytes  4.99 Mbits/sec  1.861 ms  0/424 (0%)  
[  5]  96.00-97.00  sec   620 KBytes  5.08 Mbits/sec  2.065 ms  0/431 (0%)  
[  5]  97.00-98.00  sec   605 KBytes  4.96 Mbits/sec  2.138 ms  1/422 (0.24%)  
[  5]  98.00-99.00  sec   601 KBytes  4.92 Mbits/sec  2.561 ms  0/418 (0%)  
[  5]  99.00-100.00 sec   604 KBytes  4.95 Mbits/sec  3.301 ms  0/420 (0%)  
[  5] 100.00-101.00 sec   614 KBytes  5.03 Mbits/sec  3.007 ms  2/429 (0.47%)  
[  5] 101.00-102.00 sec   624 KBytes  5.11 Mbits/sec  2.209 ms  0/434 (0%)  
[  5] 102.00-103.00 sec   602 KBytes  4.93 Mbits/sec  1.699 ms  0/419 (0%)  
[  5] 103.00-104.00 sec   608 KBytes  4.98 Mbits/sec  1.462 ms  0/423 (0%)  
[  5] 104.00-105.00 sec   604 KBytes  4.95 Mbits/sec  3.976 ms  0/420 (0%)  
[  5] 105.00-106.00 sec   612 KBytes  5.02 Mbits/sec  1.576 ms  2/428 (0.47%)  
[  5] 106.00-107.00 sec   618 KBytes  5.06 Mbits/sec  1.795 ms  0/430 (0%)  
[  5] 107.00-108.00 sec   607 KBytes  4.97 Mbits/sec  1.075 ms  0/422 (0%)  
[  5] 108.00-109.00 sec   610 KBytes  4.99 Mbits/sec  1.824 ms  0/424 (0%)  
[  5] 109.00-110.00 sec   615 KBytes  5.04 Mbits/sec  2.648 ms  0/428 (0%)  
[  5] 110.00-111.00 sec   610 KBytes  4.99 Mbits/sec  2.581 ms  0/424 (0%)  
[  5] 111.00-112.00 sec   598 KBytes  4.90 Mbits/sec  3.049 ms  0/416 (0%)  
[  5] 112.00-113.00 sec   618 KBytes  5.06 Mbits/sec  2.663 ms  1/431 (0.23%)  
[  5] 113.00-114.00 sec   618 KBytes  5.06 Mbits/sec  1.789 ms  0/430 (0%)  
[  5] 114.00-115.00 sec   598 KBytes  4.90 Mbits/sec  2.716 ms  0/416 (0%)  
[  5] 115.00-116.00 sec   611 KBytes  5.00 Mbits/sec  2.511 ms  0/425 (0%)  
[  5] 116.00-117.00 sec   615 KBytes  5.04 Mbits/sec  1.816 ms  2/430 (0.47%)  
[  5] 117.00-118.00 sec   604 KBytes  4.95 Mbits/sec  2.454 ms  0/420 (0%)  
[  5] 118.00-119.00 sec   614 KBytes  5.03 Mbits/sec  2.137 ms  0/427 (0%)  
[  5] 119.00-120.00 sec   607 KBytes  4.97 Mbits/sec  2.747 ms  0/422 (0%)  
[  5] 120.00-120.04 sec  2.88 KBytes   538 Kbits/sec  3.322 ms  0/2 (0%)  
- - - - - - - - - - - - - - - - - - - - - - - - -
[ ID] Interval           Transfer     Bitrate         Jitter    Lost/Total Datagrams
[  5]   0.00-120.04 sec  71.4 MBytes  4.99 Mbits/sec  3.322 ms  71/50946 (0.14%)  receiver
iperf3: interrupt - the server has terminated
-----------------------------------------------------------
Server listening on 5203
-----------------------------------------------------------
