-----------------------------------------------------------
Server listening on 5212
-----------------------------------------------------------
Accepted connection from 10.255.255.1, port 36412
[  5] local 10.255.255.2 port 5212 connected to 10.255.255.1 port 36426
[ ID] Interval           Transfer     Bitrate         Retr  Cwnd
[  5]   0.00-1.00   sec  10.3 MBytes  86.5 Mbits/sec    0    542 KBytes       
[  5]   1.00-2.00   sec  8.55 MBytes  71.7 Mbits/sec   44    501 KBytes       
[  5]   2.00-3.00   sec  8.75 MBytes  73.4 Mbits/sec    0    512 KBytes       
[  5]   3.00-4.00   sec  7.50 MBytes  62.9 Mbits/sec    0    525 KBytes       
[  5]   4.00-5.00   sec  8.75 MBytes  73.4 Mbits/sec    0    536 KBytes       
[  5]   5.00-6.00   sec  7.50 MBytes  62.9 Mbits/sec    0    547 KBytes       
[  5]   6.00-7.00   sec  7.50 MBytes  62.9 Mbits/sec    0    581 KBytes       
[  5]   7.00-8.00   sec  8.75 MBytes  73.4 Mbits/sec    7    440 KBytes       
[  5]   8.00-9.00   sec  7.50 MBytes  62.9 Mbits/sec    0    508 KBytes       
[  5]   9.00-10.00  sec  8.75 MBytes  73.4 Mbits/sec    0    559 KBytes       
[  5]  10.00-11.00  sec  6.25 MBytes  52.4 Mbits/sec   26    427 KBytes       
[  5]  11.00-12.00  sec  6.25 MBytes  52.4 Mbits/sec    0    455 KBytes       
[  5]  12.00-13.00  sec  7.50 MBytes  62.9 Mbits/sec    0    474 KBytes       
[  5]  13.00-14.00  sec  6.25 MBytes  52.4 Mbits/sec    0    482 KBytes       
[  5]  14.00-15.00  sec  7.50 MBytes  62.9 Mbits/sec    0    484 KBytes       
[  5]  15.00-16.00  sec  8.75 MBytes  73.4 Mbits/sec    0    484 KBytes       
[  5]  16.00-17.00  sec  7.50 MBytes  62.9 Mbits/sec    0    485 KBytes       
[  5]  17.00-18.00  sec  7.50 MBytes  62.9 Mbits/sec    0    491 KBytes       
[  5]  18.00-19.00  sec  7.50 MBytes  62.9 Mbits/sec    0    505 KBytes       
[  5]  19.00-20.00  sec  8.75 MBytes  73.4 Mbits/sec    0    529 KBytes       
[  5]  20.00-21.00  sec  7.50 MBytes  62.9 Mbits/sec    0    568 KBytes       
[  5]  21.00-22.00  sec  7.50 MBytes  62.9 Mbits/sec    2    447 KBytes       
[  5]  22.00-23.00  sec  7.50 MBytes  62.9 Mbits/sec    0    503 KBytes       
[  5]  23.00-24.00  sec  7.50 MBytes  62.9 Mbits/sec    0    544 KBytes       
[  5]  24.00-25.00  sec  8.75 MBytes  73.4 Mbits/sec    0    568 KBytes       
[  5]  25.00-26.00  sec  7.50 MBytes  62.9 Mbits/sec    2    416 KBytes       
[  5]  26.00-27.00  sec  6.25 MBytes  52.4 Mbits/sec    0    452 KBytes       
[  5]  27.00-28.00  sec  6.25 MBytes  52.4 Mbits/sec    0    475 KBytes       
[  5]  28.00-29.00  sec  7.50 MBytes  62.9 Mbits/sec    0    488 KBytes       
[  5]  29.00-30.00  sec  6.25 MBytes  52.4 Mbits/sec    0    492 KBytes       
[  5]  30.00-31.00  sec  7.50 MBytes  62.9 Mbits/sec    0    492 KBytes       
[  5]  31.00-32.00  sec  7.50 MBytes  62.9 Mbits/sec    0    492 KBytes       
[  5]  32.00-33.00  sec  7.50 MBytes  62.7 Mbits/sec    0    495 KBytes       
[  5]  33.00-34.00  sec  8.75 MBytes  73.6 Mbits/sec    0    505 KBytes       
[  5]  34.00-35.00  sec  6.25 MBytes  52.4 Mbits/sec    0    523 KBytes       
[  5]  35.00-36.00  sec  8.75 MBytes  73.4 Mbits/sec    0    556 KBytes       
[  5]  36.00-37.00  sec  7.50 MBytes  62.9 Mbits/sec    0    602 KBytes       
[  5]  37.00-38.00  sec  8.75 MBytes  73.4 Mbits/sec    5    479 KBytes       
[  5]  38.00-39.00  sec  7.50 MBytes  62.9 Mbits/sec    0    533 KBytes       
[  5]  39.00-40.00  sec  7.50 MBytes  62.9 Mbits/sec    0    571 KBytes       
- - - - - - - - - - - - - - - - - - - - - - - - -
[ ID] Interval           Transfer     Bitrate         Retr
[  5]   0.00-40.02  sec   308 MBytes  64.5 Mbits/sec   86             sender
iperf3: interrupt - the server has terminated
-----------------------------------------------------------
Server listening on 5212
-----------------------------------------------------------
