-----------------------------------------------------------
Server listening on 5213
-----------------------------------------------------------
Accepted connection from 10.255.255.1, port 60092
[  5] local 10.255.255.2 port 5213 connected to 10.255.255.1 port 59663
[ ID] Interval           Transfer     Bitrate         Jitter    Lost/Total Datagrams
[  5]   0.00-1.00   sec   122 KBytes  1.00 Mbits/sec  0.637 ms  0/85 (0%)  
[  5]   1.00-2.00   sec   122 KBytes  1.00 Mbits/sec  1.904 ms  0/85 (0%)  
[  5]   2.00-3.00   sec   122 KBytes  1.00 Mbits/sec  0.553 ms  0/85 (0%)  
[  5]   3.00-4.00   sec   122 KBytes  1.00 Mbits/sec  0.255 ms  0/85 (0%)  
[  5]   4.00-5.00   sec   122 KBytes  1.00 Mbits/sec  0.951 ms  0/85 (0%)  
[  5]   5.00-6.00   sec   122 KBytes  1.00 Mbits/sec  0.733 ms  0/85 (0%)  
[  5]   6.00-7.00   sec   122 KBytes  1.00 Mbits/sec  1.061 ms  0/85 (0%)  
[  5]   7.00-8.00   sec   121 KBytes   989 Kbits/sec  1.307 ms  0/84 (0%)  
[  5]   8.00-9.00   sec   122 KBytes  1.00 Mbits/sec  3.115 ms  0/85 (0%)  
[  5]   9.00-10.00  sec   122 KBytes  1.00 Mbits/sec  4.952 ms  0/85 (0%)  
[  5]  10.00-11.00  sec   116 KBytes   954 Kbits/sec  2.457 ms  0/81 (0%)  
[  5]  11.00-12.00  sec   121 KBytes   989 Kbits/sec  2.431 ms  0/84 (0%)  
[  5]  12.00-13.00  sec   121 KBytes   989 Kbits/sec  2.175 ms  0/84 (0%)  
[  5]  13.00-14.00  sec   126 KBytes  1.04 Mbits/sec  3.383 ms  0/88 (0%)  
[  5]  14.00-15.00  sec   124 KBytes  1.01 Mbits/sec  10.375 ms  0/86 (0%)  
[  5]  15.00-16.00  sec   122 KBytes  1.00 Mbits/sec  6.056 ms  0/85 (0%)  
[  5]  16.00-17.00  sec   119 KBytes   977 Kbits/sec  7.807 ms  0/83 (0%)  
[  5]  17.00-18.00  sec   121 KBytes   989 Kbits/sec  5.839 ms  0/84 (0%)  
[  5]  18.00-19.00  sec   122 KBytes  1.00 Mbits/sec  3.729 ms  0/85 (0%)  
[  5]  19.00-20.00  sec   124 KBytes  1.01 Mbits/sec  3.772 ms  0/86 (0%)  
[  5]  20.00-21.00  sec   126 KBytes  1.04 Mbits/sec  3.973 ms  0/88 (0%)  
[  5]  21.00-22.00  sec   115 KBytes   942 Kbits/sec  4.107 ms  0/80 (0%)  
[  5]  22.00-23.00  sec   122 KBytes  1.00 Mbits/sec  3.469 ms  0/85 (0%)  
[  5]  23.00-24.00  sec   122 KBytes  1.00 Mbits/sec  3.466 ms  0/85 (0%)  
[  5]  24.00-25.00  sec   129 KBytes  1.06 Mbits/sec  2.500 ms  0/90 (0%)  
[  5]  25.00-26.00  sec   116 KBytes   954 Kbits/sec  5.343 ms  0/81 (0%)  
[  5]  26.00-27.00  sec   121 KBytes   989 Kbits/sec  3.925 ms  0/84 (0%)  
[  5]  27.00-28.00  sec   121 KBytes   989 Kbits/sec  4.276 ms  0/84 (0%)  
[  5]  28.00-29.00  sec   124 KBytes  1.01 Mbits/sec  6.450 ms  0/86 (0%)  
[  5]  29.00-30.00  sec   121 KBytes   989 Kbits/sec  6.178 ms  0/84 (0%)  
[  5]  30.00-31.00  sec   124 KBytes  1.01 Mbits/sec  5.622 ms  0/86 (0%)  
[  5]  31.00-32.00  sec   128 KBytes  1.05 Mbits/sec  4.345 ms  0/89 (0%)  
[  5]  32.00-33.00  sec   121 KBytes   991 Kbits/sec  4.486 ms  0/84 (0%)  
[  5]  33.00-34.00  sec   121 KBytes   989 Kbits/sec  4.131 ms  0/84 (0%)  
[  5]  34.00-35.00  sec   118 KBytes   965 Kbits/sec  5.452 ms  0/82 (0%)  
[  5]  35.00-36.00  sec   122 KBytes  1.00 Mbits/sec  4.827 ms  0/85 (0%)  
[  5]  36.00-37.00  sec   129 KBytes  1.06 Mbits/sec  3.494 ms  0/90 (0%)  
[  5]  37.00-38.00  sec   121 KBytes   989 Kbits/sec  3.755 ms  0/84 (0%)  
[  5]  38.00-39.00  sec   124 KBytes  1.01 Mbits/sec  4.656 ms  0/86 (0%)  
[  5]  39.00-40.00  sec   122 KBytes  1.00 Mbits/sec  1.597 ms  0/85 (0%)  
- - - - - - - - - - - - - - - - - - - - - - - - -
[ ID] Interval           Transfer     Bitrate         Jitter    Lost/Total Datagrams
[  5]   0.00-40.02  sec  4.77 MBytes  1000 Kbits/sec  1.597 ms  0/3397 (0%)  receiver
iperf3: interrupt - the server has terminated
-----------------------------------------------------------
Server listening on 5213
-----------------------------------------------------------
