-----------------------------------------------------------
Server listening on 5211
-----------------------------------------------------------
Accepted connection from 10.255.255.1, port 35502
[  5] local 10.255.255.2 port 5211 connected to 10.255.255.1 port 35516
[ ID] Interval           Transfer     Bitrate
[  5]   0.00-1.11   sec  2.38 MBytes  17.9 Mbits/sec                  
[  5]   1.11-2.07   sec  2.62 MBytes  22.9 Mbits/sec                  
[  5]   2.07-3.03   sec  3.25 MBytes  28.4 Mbits/sec                  
[  5]   3.03-4.06   sec  3.50 MBytes  28.8 Mbits/sec                  
[  5]   4.06-5.06   sec  3.62 MBytes  30.3 Mbits/sec                  
[  5]   5.06-6.05   sec  3.62 MBytes  30.6 Mbits/sec                  
[  5]   6.05-7.04   sec  3.75 MBytes  31.8 Mbits/sec                  
[  5]   7.04-8.04   sec  4.25 MBytes  35.9 Mbits/sec                  
[  5]   8.04-9.02   sec  6.25 MBytes  53.3 Mbits/sec                  
[  5]   9.02-10.03  sec  7.12 MBytes  58.9 Mbits/sec                  
[  5]  10.03-11.02  sec  7.75 MBytes  66.2 Mbits/sec                  
[  5]  11.02-12.03  sec  8.00 MBytes  66.1 Mbits/sec                  
[  5]  12.03-13.02  sec  7.75 MBytes  65.9 Mbits/sec                  
[  5]  13.02-14.02  sec  7.62 MBytes  64.0 Mbits/sec                  
[  5]  14.02-15.03  sec  7.00 MBytes  58.2 Mbits/sec                  
[  5]  15.03-16.03  sec  7.75 MBytes  64.7 Mbits/sec                  
[  5]  16.03-17.04  sec  7.88 MBytes  65.3 Mbits/sec                  
[  5]  17.04-18.03  sec  7.38 MBytes  62.7 Mbits/sec                  
[  5]  18.03-19.02  sec  7.75 MBytes  65.8 Mbits/sec                  
[  5]  19.02-20.02  sec  7.88 MBytes  65.7 Mbits/sec                  
[  5]  20.02-21.02  sec  7.50 MBytes  63.4 Mbits/sec                  
[  5]  21.02-22.03  sec  7.62 MBytes  63.0 Mbits/sec                  
[  5]  22.03-23.03  sec  7.88 MBytes  66.4 Mbits/sec                  
[  5]  23.03-24.03  sec  7.75 MBytes  65.1 Mbits/sec                  
[  5]  24.03-25.02  sec  6.50 MBytes  54.7 Mbits/sec                  
[  5]  25.02-26.03  sec  6.88 MBytes  57.5 Mbits/sec                  
[  5]  26.03-27.02  sec  7.88 MBytes  66.3 Mbits/sec                  
[  5]  27.02-28.03  sec  7.75 MBytes  64.8 Mbits/sec                  
[  5]  28.03-29.03  sec  7.88 MBytes  65.8 Mbits/sec                  
[  5]  29.03-30.04  sec  7.75 MBytes  64.6 Mbits/sec                  
[  5]  30.04-31.02  sec  7.75 MBytes  66.2 Mbits/sec                  
[  5]  31.02-32.02  sec  7.25 MBytes  60.8 Mbits/sec                  
[  5]  32.02-33.03  sec  7.38 MBytes  61.4 Mbits/sec                  
[  5]  33.03-34.02  sec  7.88 MBytes  66.2 Mbits/sec                  
[  5]  34.02-35.02  sec  7.75 MBytes  65.3 Mbits/sec                  
[  5]  35.02-36.03  sec  7.88 MBytes  65.4 Mbits/sec                  
[  5]  36.03-37.04  sec  6.25 MBytes  51.9 Mbits/sec                  
[  5]  37.04-38.03  sec  7.25 MBytes  61.1 Mbits/sec                  
[  5]  38.03-39.03  sec  7.25 MBytes  61.3 Mbits/sec                  
[  5]  39.03-40.02  sec  6.62 MBytes  55.9 Mbits/sec                  
- - - - - - - - - - - - - - - - - - - - - - - - -
[ ID] Interval           Transfer     Bitrate
[  5]   0.00-40.02  sec   266 MBytes  55.7 Mbits/sec                  receiver
iperf3: interrupt - the server has terminated
-----------------------------------------------------------
Server listening on 5211
-----------------------------------------------------------
