-----------------------------------------------------------
Server listening on 5213
-----------------------------------------------------------
Accepted connection from 10.255.255.1, port 47604
[  5] local 10.255.255.2 port 5213 connected to 10.255.255.1 port 38739
[ ID] Interval           Transfer     Bitrate         Jitter    Lost/Total Datagrams
[  5]   0.00-1.00   sec   122 KBytes  1.00 Mbits/sec  1.430 ms  0/85 (0%)  
[  5]   1.00-2.00   sec   118 KBytes   966 Kbits/sec  1.668 ms  0/82 (0%)  
[  5]   2.00-3.00   sec   122 KBytes  1.00 Mbits/sec  1.042 ms  0/85 (0%)  
[  5]   3.00-4.00   sec   124 KBytes  1.01 Mbits/sec  2.149 ms  0/86 (0%)  
[  5]   4.00-5.00   sec   121 KBytes   989 Kbits/sec  1.666 ms  0/84 (0%)  
[  5]   5.00-6.00   sec   126 KBytes  1.04 Mbits/sec  1.812 ms  0/88 (0%)  
[  5]   6.00-7.00   sec   122 KBytes  1.00 Mbits/sec  1.583 ms  0/85 (0%)  
[  5]   7.00-8.00   sec   118 KBytes   966 Kbits/sec  2.409 ms  0/82 (0%)  
[  5]   8.00-9.00   sec   122 KBytes  1.00 Mbits/sec  2.431 ms  0/85 (0%)  
[  5]   9.00-10.00  sec   122 KBytes  1.00 Mbits/sec  2.991 ms  0/85 (0%)  
[  5]  10.00-11.00  sec   125 KBytes  1.03 Mbits/sec  4.117 ms  0/87 (0%)  
[  5]  11.00-12.00  sec   119 KBytes   977 Kbits/sec  3.666 ms  0/83 (0%)  
[  5]  12.00-13.00  sec   121 KBytes   989 Kbits/sec  3.354 ms  0/84 (0%)  
[  5]  13.00-14.00  sec   126 KBytes  1.04 Mbits/sec  2.544 ms  0/88 (0%)  
[  5]  14.00-15.00  sec   122 KBytes  1.00 Mbits/sec  2.429 ms  0/85 (0%)  
[  5]  15.00-16.00  sec   118 KBytes   966 Kbits/sec  2.183 ms  0/82 (0%)  
[  5]  16.00-17.00  sec   126 KBytes  1.04 Mbits/sec  2.429 ms  0/88 (0%)  
[  5]  17.00-18.00  sec   122 KBytes  1.00 Mbits/sec  3.481 ms  0/85 (0%)  
[  5]  18.00-19.00  sec   118 KBytes   966 Kbits/sec  4.646 ms  0/82 (0%)  
[  5]  19.00-20.00  sec   122 KBytes  1.00 Mbits/sec  1.553 ms  0/85 (0%)  
[  5]  20.00-20.05  sec  4.31 KBytes   777 Kbits/sec  2.110 ms  0/3 (0%)  
- - - - - - - - - - - - - - - - - - - - - - - - -
[ ID] Interval           Transfer     Bitrate         Jitter    Lost/Total Datagrams
[  5]   0.00-20.05  sec  2.39 MBytes   998 Kbits/sec  2.110 ms  0/1699 (0%)  receiver
-----------------------------------------------------------
Server listening on 5213
-----------------------------------------------------------
Accepted connection from 10.255.255.1, port 51704
[  5] local 10.255.255.2 port 5213 connected to 10.255.255.1 port 39632
[ ID] Interval           Transfer     Bitrate         Jitter    Lost/Total Datagrams
[  5]   0.00-1.00   sec   118 KBytes   966 Kbits/sec  4.092 ms  1/83 (1.2%)  
[  5]   1.00-2.00   sec   125 KBytes  1.02 Mbits/sec  2.999 ms  0/87 (0%)  
[  5]   2.00-3.00   sec   119 KBytes   977 Kbits/sec  3.850 ms  0/83 (0%)  
[  5]   3.00-4.00   sec   122 KBytes  1.00 Mbits/sec  4.189 ms  0/85 (0%)  
[  5]   4.00-5.00   sec   125 KBytes  1.02 Mbits/sec  2.269 ms  0/87 (0%)  
[  5]   5.00-6.00   sec   122 KBytes  1.00 Mbits/sec  1.081 ms  0/85 (0%)  
[  5]   6.00-7.00   sec   118 KBytes   966 Kbits/sec  1.500 ms  0/82 (0%)  
[  5]   7.00-8.00   sec   122 KBytes  1.00 Mbits/sec  3.273 ms  0/85 (0%)  
[  5]   8.00-9.00   sec   124 KBytes  1.01 Mbits/sec  2.363 ms  0/86 (0%)  
[  5]   9.00-10.00  sec   124 KBytes  1.01 Mbits/sec  2.590 ms  0/86 (0%)  
[  5]  10.00-11.00  sec   121 KBytes   990 Kbits/sec  4.176 ms  1/85 (1.2%)  
[  5]  11.00-12.00  sec   121 KBytes   989 Kbits/sec  3.104 ms  0/84 (0%)  
[  5]  12.00-13.00  sec   122 KBytes  1.00 Mbits/sec  5.922 ms  0/85 (0%)  
[  5]  13.00-14.00  sec   121 KBytes   989 Kbits/sec  2.619 ms  0/84 (0%)  
[  5]  14.00-15.00  sec   121 KBytes   989 Kbits/sec  2.740 ms  0/84 (0%)  
[  5]  15.00-16.00  sec   124 KBytes  1.01 Mbits/sec  2.385 ms  0/86 (0%)  
[  5]  16.00-17.00  sec   122 KBytes  1.00 Mbits/sec  3.266 ms  0/85 (0%)  
[  5]  17.00-18.00  sec   122 KBytes  1.00 Mbits/sec  2.423 ms  0/85 (0%)  
[  5]  18.00-19.00  sec   122 KBytes  1.00 Mbits/sec  3.093 ms  0/85 (0%)  
[  5]  19.00-20.00  sec   124 KBytes  1.01 Mbits/sec  2.230 ms  0/86 (0%)  
[  5]  20.00-20.02  sec  1.44 KBytes   478 Kbits/sec  2.690 ms  0/1 (0%)  
- - - - - - - - - - - - - - - - - - - - - - - - -
[ ID] Interval           Transfer     Bitrate         Jitter    Lost/Total Datagrams
[  5]   0.00-20.02  sec  2.38 MBytes   998 Kbits/sec  2.690 ms  2/1699 (0.12%)  receiver
-----------------------------------------------------------
Server listening on 5213
-----------------------------------------------------------
Accepted connection from 10.255.255.1, port 38896
[  5] local 10.255.255.2 port 5213 connected to 10.255.255.1 port 44539
[ ID] Interval           Transfer     Bitrate         Jitter    Lost/Total Datagrams
[  5]   0.00-1.00   sec   121 KBytes   989 Kbits/sec  5.122 ms  1/85 (1.2%)  
[  5]   1.00-2.00   sec   122 KBytes  1.00 Mbits/sec  8.480 ms  0/85 (0%)  
[  5]   2.00-3.00   sec   119 KBytes   976 Kbits/sec  6.138 ms  0/83 (0%)  
[  5]   3.00-4.00   sec   124 KBytes  1.01 Mbits/sec  2.362 ms  1/87 (1.1%)  
[  5]   4.00-5.00   sec   122 KBytes  1.00 Mbits/sec  2.291 ms  0/85 (0%)  
[  5]   5.00-6.00   sec   121 KBytes   989 Kbits/sec  1.624 ms  0/84 (0%)  
[  5]   6.00-7.00   sec   121 KBytes   989 Kbits/sec  3.639 ms  0/84 (0%)  
[  5]   7.00-8.00   sec   122 KBytes  1.00 Mbits/sec  5.227 ms  0/85 (0%)  
[  5]   8.00-9.00   sec   122 KBytes  1.00 Mbits/sec  4.036 ms  0/85 (0%)  
[  5]   9.00-10.00  sec   122 KBytes  1.00 Mbits/sec  2.913 ms  0/85 (0%)  
[  5]  10.00-11.00  sec   121 KBytes   989 Kbits/sec  3.163 ms  0/84 (0%)  
[  5]  11.00-12.00  sec   125 KBytes  1.02 Mbits/sec  1.772 ms  0/87 (0%)  
[  5]  12.00-13.00  sec   122 KBytes  1.00 Mbits/sec  2.141 ms  0/85 (0%)  
[  5]  13.00-14.00  sec   119 KBytes   978 Kbits/sec  2.506 ms  0/83 (0%)  
[  5]  14.00-15.00  sec   122 KBytes  1.00 Mbits/sec  4.350 ms  0/85 (0%)  
[  5]  15.00-16.00  sec   125 KBytes  1.02 Mbits/sec  2.867 ms  0/87 (0%)  
[  5]  16.00-17.00  sec   122 KBytes  1.00 Mbits/sec  5.722 ms  0/85 (0%)  
[  5]  17.00-18.00  sec   118 KBytes   966 Kbits/sec  1.210 ms  0/82 (0%)  
[  5]  18.00-19.00  sec   122 KBytes  1.00 Mbits/sec  1.627 ms  0/85 (0%)  
[  5]  19.00-20.00  sec   126 KBytes  1.04 Mbits/sec  1.649 ms  0/88 (0%)  
- - - - - - - - - - - - - - - - - - - - - - - - -
[ ID] Interval           Transfer     Bitrate         Jitter    Lost/Total Datagrams
[  5]   0.00-20.01  sec  2.38 MBytes   999 Kbits/sec  1.649 ms  2/1699 (0.12%)  receiver
iperf3: interrupt - the server has terminated
-----------------------------------------------------------
Server listening on 5213
-----------------------------------------------------------
