-----------------------------------------------------------
Server listening on 5212
-----------------------------------------------------------
Accepted connection from 10.255.255.1, port 34350
[  5] local 10.255.255.2 port 5212 connected to 10.255.255.1 port 34362
[ ID] Interval           Transfer     Bitrate         Retr  Cwnd
[  5]   0.00-1.00   sec  9.66 MBytes  81.0 Mbits/sec   10    262 KBytes       
[  5]   1.00-2.00   sec  7.21 MBytes  60.5 Mbits/sec   66    211 KBytes       
[  5]   2.00-3.00   sec  6.40 MBytes  53.7 Mbits/sec    0    232 KBytes       
[  5]   3.00-4.00   sec  8.58 MBytes  71.9 Mbits/sec    0    256 KBytes       
[  5]   4.00-5.00   sec  7.71 MBytes  64.6 Mbits/sec    0    280 KBytes       
[  5]   5.00-6.00   sec  7.02 MBytes  58.9 Mbits/sec   10    223 KBytes       
[  5]   6.00-7.00   sec  7.02 MBytes  58.9 Mbits/sec    0    257 KBytes       
[  5]   7.00-8.00   sec  8.51 MBytes  71.4 Mbits/sec    0    276 KBytes       
[  5]   8.00-9.00   sec  7.83 MBytes  65.7 Mbits/sec    0    286 KBytes       
[  5]   9.00-10.00  sec  4.29 MBytes  36.0 Mbits/sec    1    212 KBytes       
[  5]  10.00-11.00  sec  7.64 MBytes  64.1 Mbits/sec    0    250 KBytes       
[  5]  11.00-12.00  sec  7.71 MBytes  64.6 Mbits/sec    0    273 KBytes       
[  5]  12.00-13.00  sec  8.39 MBytes  70.4 Mbits/sec    3    201 KBytes       
[  5]  13.00-14.00  sec  5.65 MBytes  47.4 Mbits/sec    0    223 KBytes       
[  5]  14.00-15.00  sec  5.65 MBytes  47.4 Mbits/sec    0    239 KBytes       
[  5]  15.00-16.00  sec  7.21 MBytes  60.5 Mbits/sec    0    260 KBytes       
[  5]  16.00-17.00  sec  7.83 MBytes  65.7 Mbits/sec    0    284 KBytes       
[  5]  17.00-18.00  sec  6.40 MBytes  53.7 Mbits/sec    3    233 KBytes       
[  5]  18.00-19.00  sec  8.33 MBytes  69.9 Mbits/sec    0    262 KBytes       
[  5]  19.00-20.00  sec  7.83 MBytes  65.7 Mbits/sec    0    279 KBytes       
[  5]  20.00-21.00  sec  8.02 MBytes  67.2 Mbits/sec    0    287 KBytes       
[  5]  21.00-22.00  sec  8.02 MBytes  67.3 Mbits/sec    0    308 KBytes       
[  5]  22.00-23.00  sec  7.89 MBytes  66.2 Mbits/sec    5    229 KBytes       
[  5]  23.00-24.00  sec  7.64 MBytes  64.1 Mbits/sec    0    274 KBytes       
[  5]  24.00-25.00  sec  6.40 MBytes  53.7 Mbits/sec    8    150 KBytes       
[  5]  25.00-26.00  sec  4.29 MBytes  36.0 Mbits/sec    0    170 KBytes       
[  5]  26.00-27.00  sec  6.96 MBytes  58.4 Mbits/sec    0    197 KBytes       
[  5]  27.00-28.00  sec  6.15 MBytes  51.6 Mbits/sec    0    221 KBytes       
[  5]  28.00-29.00  sec  6.40 MBytes  53.7 Mbits/sec    0    242 KBytes       
[  5]  29.00-30.00  sec  7.77 MBytes  65.2 Mbits/sec    0    266 KBytes       
[  5]  30.00-31.00  sec  7.71 MBytes  64.6 Mbits/sec    0    287 KBytes       
[  5]  31.00-32.00  sec  7.15 MBytes  59.9 Mbits/sec    3    238 KBytes       
[  5]  32.00-33.00  sec  7.21 MBytes  60.5 Mbits/sec    0    266 KBytes       
[  5]  33.00-34.00  sec  8.33 MBytes  69.9 Mbits/sec    0    283 KBytes       
[  5]  34.00-35.00  sec  7.77 MBytes  65.2 Mbits/sec    2    205 KBytes       
[  5]  35.00-36.00  sec  6.46 MBytes  54.2 Mbits/sec    0    229 KBytes       
[  5]  36.00-37.00  sec  7.27 MBytes  61.0 Mbits/sec    1    250 KBytes       
[  5]  37.00-38.00  sec  8.33 MBytes  69.9 Mbits/sec    0    274 KBytes       
[  5]  38.00-39.00  sec  7.71 MBytes  64.6 Mbits/sec    1    208 KBytes       
[  5]  39.00-40.00  sec  6.28 MBytes  52.6 Mbits/sec    0    249 KBytes       
[  5]  40.00-40.07  sec   700 KBytes  78.5 Mbits/sec    0    250 KBytes       
- - - - - - - - - - - - - - - - - - - - - - - - -
[ ID] Interval           Transfer     Bitrate         Retr
[  5]   0.00-40.07  sec   291 MBytes  61.0 Mbits/sec  113             sender
iperf3: interrupt - the server has terminated
-----------------------------------------------------------
Server listening on 5212
-----------------------------------------------------------
