-----------------------------------------------------------
Server listening on 5204
-----------------------------------------------------------
Accepted connection from 10.255.255.1, port 46432
[  5] local 10.255.255.2 port 5204 connected to 10.255.255.1 port 57944
[ ID] Interval           Transfer     Bitrate         Jitter    Lost/Total Datagrams
[  5]   0.00-1.00   sec  1.36 MBytes  11.4 Mbits/sec  2.495 ms  6750/7719 (87%)  
[  5]   1.00-2.00   sec  1.41 MBytes  11.8 Mbits/sec  0.476 ms  7588/8594 (88%)  
[  5]   2.00-3.00   sec  1.35 MBytes  11.3 Mbits/sec  0.791 ms  7540/8500 (89%)  
[  5]   3.00-4.00   sec  1.30 MBytes  10.9 Mbits/sec  0.663 ms  7579/8507 (89%)  
[  5]   4.00-5.00   sec  1.34 MBytes  11.3 Mbits/sec  0.583 ms  7517/8474 (89%)  
[  5]   5.00-6.00   sec  1.34 MBytes  11.2 Mbits/sec  0.432 ms  7535/8489 (89%)  
[  5]   6.00-7.00   sec  1.34 MBytes  11.2 Mbits/sec  0.525 ms  7542/8497 (89%)  
[  5]   7.00-8.00   sec  1.34 MBytes  11.2 Mbits/sec  0.414 ms  7537/8488 (89%)  
[  5]   8.00-9.02   sec  1.29 MBytes  10.6 Mbits/sec  6.291 ms  7009/7927 (88%)  
[  5]   9.02-10.00  sec  1.49 MBytes  12.8 Mbits/sec  0.444 ms  7990/9050 (88%)  
[  5]  10.00-10.08  sec   102 KBytes  10.7 Mbits/sec  0.524 ms  595/666 (89%)  
- - - - - - - - - - - - - - - - - - - - - - - - -
[ ID] Interval           Transfer     Bitrate         Jitter    Lost/Total Datagrams
[SUM]  0.0-10.1 sec  20 datagrams received out-of-order
[  5]   0.00-10.08  sec  13.7 MBytes  11.4 Mbits/sec  0.524 ms  75182/84911 (89%)  receiver
iperf3: interrupt - the server has terminated
-----------------------------------------------------------
Server listening on 5204
-----------------------------------------------------------
